// Jest Snapshot v1, https://goo.gl/fbAQLP

exports[`masthead matches snapshot 1`] = `
<div
  className="masthead"
>
  <div
    className="application-name"
  >
    "common.productName"
  </div>
</div>
`;
